// Jest Snapshot v1, https://goo.gl/fbAQLP

exports[`<MainView /> init should pass connect the necessary props 1`] = `
Object {
  "addToFavourites": [Function],
  "favourites": Array [],
  "fetchGames": [Function],
  "filterBy": "",
  "filterGameBy": [Function],
  "games": Array [],
  "removeFromFavourites": [Function],
}
`;

exports[`<MainView /> init should render correctly 1`] = `
<MainView
  addToFavourites={[Function]}
  favourites={Array []}
  fetchGames={[Function]}
  filterBy=""
  filterGameBy={[Function]}
  games={Array []}
  removeFromFavourites={[Function]}
/>
`;
