// Jest Snapshot v1, https://goo.gl/fbAQLP

exports[`<GameList/> has many games should render correctly 1`] = `
<styled.section>
  <Game
    addToFavourites={[Function]}
    game={
      Object {
        "hasBoosters": false,
        "isFavourite": true,
        "name": "8-Ball Pool",
        "short": "eightballpool",
        "tags": "",
        "url": "/spel/sportspel/8-ball-pool/?language=sv",
      }
    }
    key="0"
    removeFromFavourites={[Function]}
  />
  <Game
    addToFavourites={[Function]}
    game={
      Object {
        "hasBoosters": false,
        "name": "8-Ball Pool",
        "short": "eightballpool",
        "tags": "",
        "url": "/spel/sportspel/8-ball-pool/?language=sv",
      }
    }
    key="1"
    removeFromFavourites={[Function]}
  />
</styled.section>
`;

exports[`<GameList/> is empty should render correctly 1`] = `<styled.section />`;
